---
source: spade-tests/src/ast_lowering.rs
---
struct port A {}


entity x(a: &mut A) -> bool __builtin__


error: Can't create a wire of ports
  ┌─ testinput:4:13
  │
4 │ entity x(a: &mut A) -> bool __builtin__
  │             ^^^^^^
  │             │    │
  │             │    Because this is a port
  │             This can't be a wire


