---
source: spade-tests/src/typeinference.rs
---
fn test(b: int<4>) -> int<8> {
    let a = if b == 4 { 3 } else { true };
    7
}


error: If branches have incompatible type
  ┌─ testinput:2:34
  │
2 │     let a = if b == 4 { 3 } else { true };
  │                       -----      ^^^^^^^^ But this has type bool
  │                       │           
  │                       This branch has type int<_>
  │
  = note: Expected: bool
               Got: int<_>


