---
source: spade-tests/src/hir_lowering.rs
---
fn test(a: bool, b: bool) -> bool __builtin__
fn main() -> bool {
    test$(a: true, a: true, b: true)
}


error: a specified multiple times
  ┌─ testinput:3:20
  │
1 │ fn test(a: bool, b: bool) -> bool __builtin__
  │ --------------------------------------------- function defined here
2 │ fn main() -> bool {
3 │     test$(a: true, a: true, b: true)
  │           -        ^ Later specified here
  │           │         
  │           First specified here


