---
source: spade-tests/src/typeinference.rs
---
entity test(clk: clock) -> bool {
    let (x, y) = true;

    true
}


error: Pattern type mismatch
  ┌─ testinput:2:9
  │
2 │     let (x, y) = true;
  │         ^^^^^^   ---- because this has type bool
  │         │         
  │         expected bool
  │
  = Expected: bool
  =      Got: (_, _)


