---
source: spade-tests/src/integration.rs
---
struct X<T> {}
impl<T> X<[T; 3]> {
    fn method(self) {}
}

impl X<[bool; 3]> {
    fn method(self) {}
}


error: X already has a method named method
  ┌─ testinput:7:5
  │
3 │     fn method(self) {}
  │     ------------------ Previous definition here
  ·
7 │     fn method(self) {}
  │     ^^^^^^^^^^^^^^^^^^ Duplicate method
