---
source: spade-tests/src/wordlength_inference.rs
---
fn f<a, b>(a: int<a>, b: int<b>) -> int<b> {
  a + b
}

entity main(clk: clock, rst: bool) -> int<0> {
  let x: int<5> = f(0, 10);
  let y: int<5> = f(1, 10);
  0
}


error: Word length mismatch. Got 2 bits but expected 0 bits
  ┌─ testinput:8:3
  │
8 │   0
  │   ^ Got 2 bits, expected 0


