---
source: spade-tests/src/usefulness.rs
expression: "std::str::from_utf8(buffer.as_slice()).expect(\"error contains invalid utf-8\")"
---
error: Non-exhaustive match: pattern X::B not covered
  ┌─ testinput:7:5
  │  
7 │ ╭     match x {
8 │ │         X::A => true,
9 │ │     }
  │ ╰─────^ pattern X::B not covered


