---
source: spade-tests/src/linear_check.rs
expression: "std::str::from_utf8(buffer.as_slice()).expect(\"error contains invalid utf-8\")"
---
error: Use of consumed resource
  ┌─ testinput:2:18
  │
2 │     (resource#0, resource#0)
  │      ---------   ^^^^^^^^^ Use of consumed resource
  │      │            
  │      Previously used here


