---
source: spade-tests/src/integration.rs
---
struct X {}

impl X {
    entity a(self) -> bool {true}
}


error: Entities are not allowed in impl blocks
  ┌─ testinput:4:5
  │
4 │     entity a(self) -> bool {true}
  │     ^^^^^^^^^^^^^^^^^^^^^^^^^^^^^ Not allowed here
  │
  = Did you intend to define a function


