---
source: spade-tests/src/typeinference.rs
---
entity counter(x: int<4>, y:int<3>) -> int<8> {
    x `std::conv::concat` y
}


error: Type error
  ┌─ testinput:1:47
  │  
1 │   entity counter(x: int<4>, y:int<3>) -> int<8> {
  │                                          ------ int<8> type specified here
  │ ╭───────────────────────────────────────────────^
2 │ │     x `std::conv::concat` y
3 │ │ }
  │ ╰─^ Found type int<7>
  │  
  = note: Expected: 8
                in: int<8>
               Got: 7
                in: int<7>


