---
source: spade-tests/src/ast_lowering.rs
---
entity X() -> int<8> {
    let x: int<8> = 0;
    decl x;
    x
}


error: Variable declared more than once
  ┌─ testinput:3:10
  │
2 │     let x: int<8> = 0;
  │         - Previously declared here
3 │     decl x;
  │          ^ This variable has been declared more than once


