---
source: spade-tests/src/hir_lowering.rs
assertion_line: 2317
---
fn main() -> int<4> {
    let a: int<8> = 0;
    let b: int<4> = std::conv::sext(a);
    b
}


error: Sign-extending to a shorter value
  ┌─ testinput:3:37
  │
3 │     let b: int<4> = std::conv::sext(a);
  │                     ----------------^-
  │                     │               │
  │                     │               This value is 8 bits
  │                     The value is zero-extended to 4 bits here
  │
  = note: Sign-extension cannot decrease width, use trunc instead


