---
source: spade-tests/src/wordlength_inference.rs
---
fn f<a, b>(a: int<a>, b: int<b>) -> int<b> {
  a + b
}

entity main(clk: clock, rst: bool) -> int<0> {
  let x: int<5> = f(0, 10);
  let y: int<5> = f(1, 10);
  0
}


error: The wordlength isn't what we infered it to - inference got 2 bits and you claimed 0 bits
  ┌─ testinput:8:3
  │
8 │   0
  │   ^ Here 2 bits were infered


