---
source: spade-tests/src/integration.rs
---
trait X {
    fn a(self) -> bool;
}

struct A {}

impl X for A {
    fn a(self, x: bool) -> bool{
        true
    }
}


error: Trait method does not have this argument
  ┌─ testinput:8:16
  │
8 │     fn a(self, x: bool) -> bool{
  │                ^ Extra argument


