---
source: spade-tests/src/usefulness.rs
expression: "std::str::from_utf8(buffer.as_slice()).expect(\"error contains invalid utf-8\")"
---
error: Non-exhaustive match: patterns A(false, false), A(false, true), A(true, false) not covered
  ┌─ testinput:6:5
  │  
6 │ ╭     match in {
7 │ │         A(true, true) => true
8 │ │     }
  │ ╰─────^ patterns A(false, false), A(false, true), A(true, false) not covered


