---
source: spade-tests/src/typeinference.rs
---
entity test(clk: clock) -> bool {
    reg(clk) (sample_i, audio_val) = {
        true
    };

    true
}


error: Pattern type mismatch
  ┌─ testinput:2:14
  │  
2 │       reg(clk) (sample_i, audio_val) = {
  │                ^^^^^^^^^^^^^^^^^^^^^ expected bool
  │ ╭──────────────────────────────────────'
3 │ │         true
4 │ │     };
  │ ╰─────' because this has type bool
  │  
  = Expected: bool
  =      Got: (_, _)


