---
source: spade-tests/src/ast_lowering.rs
expression: "std::str::from_utf8(buffer.as_slice()).expect(\"error contains invalid utf-8\")"
---
error: Missing clock argument for pipeline
  ┌─ testinput:1:17
  │
1 │ pipeline(1) pipe() -> bool {
  │                 ^^
  │
  = note: All pipelines need to take at least a clock as an argument


