---
source: spade-tests/src/parser.rs
---
entity foo(clk: clk, a: bool) -> bool {
    reg(clk) a = a;
    a
}

entity main(clk: clk) -> bool {
    inst foo{clk, true}
}


error: Expected argument list
  ┌─ testinput:7:13
  │
7 │     inst foo{clk, true}
  │     --------^ Expected argument list here
  │     │        
  │     for this instantiation
  │
  = help: Positional argument lists start with`(`.
  = help: Named argument lists start with `$(`.


