---
source: spade-tests/src/ast_lowering.rs
expression: "std::str::from_utf8(buffer.as_slice()).expect(\"error contains invalid utf-8\")"
---
error: Expected test to be a value
  ┌─ testinput:3:13
  │
1 │ struct test {}
  │ -------------- test is a struct
2 │ fn main() -> bool {
3 │     let x = test;
  │             ^^^^ Expected value
  │
  = Expected value
  = Found struct


