---
source: spade-tests/src/parser.rs
---
entity Y() -> bool { false }

fn X() -> bool {
    inst Y()
}


error: Entities and pipelines cannot be instantiated in functions
  ┌─ testinput:4:5
  │
3 │ fn X() -> bool {
  │ -- This is a function
4 │     inst Y()
  │     ^^^^ inst not allowed here
  │
  = note: Functions can only contain combinatorial logic
  = Consider making the function an entity
  │
3 │ entity X() -> bool {
  │ ~~~~~~


