---
source: spade-tests/src/hir_lowering.rs
---
fn main() -> int<8> {
    let a: int<4> = 0;
    let b: int<8> = std::conv::trunc(a);
    b
}


error: Truncating to a larger value
  ┌─ testinput:3:38
  │
3 │     let b: int<8> = std::conv::trunc(a);
  │                     -----------------^-
  │                     │                │
  │                     │                This value is 4 bytes
  │                     The value is truncated to 8 bytes here
  │
  = note: Truncation can only remove bits


