---
source: spade-tests/src/typeinference.rs
---
#[wal_traceable(suffix = __)]
struct T {}
fn test(t: T, x: bool) -> bool {
    #[wal_trace(clk=x)]
    let t = t;
    false
}


error: Expected type clock, got bool
  ┌─ testinput:4:21
  │
3 │ fn test(t: T, x: bool) -> bool {
  │                  ---- Type bool inferred here
4 │     #[wal_trace(clk=x)]
  │     ----------------^--
  │     │               │
  │     │               Expected clock
  │     Type clock inferred here
  │
  = note: Expected: clock
               Got: bool


