---
source: spade-tests/src/usefulness.rs
---
    enum A {
        X{a: bool},
        Y
    }
fn test(in: A) -> bool {
    match in {
        A::Y => true
    }
}


error: Non-exhaustive match: patterns A::X(a: false), A::X(a: true) not covered
  ┌─ testinput:6:5
  │  
6 │ ╭     match in {
7 │ │         A::Y => true
8 │ │     }
  │ ╰─────^ patterns A::X(a: false), A::X(a: true) not covered


