---
source: spade-tests/src/linear_check.rs
---
struct port A {
    a: &mut bool,
    b: &mut bool,
}
entity x(a: A) -> &mut bool {
    a.a
}


error: a.b is unused
  ┌─ testinput:5:10
  │
5 │ entity x(a: A) -> &mut bool {
  │          ^ a.b is unused
  │
  = note: a.b is a &mut value which must be set
