---
source: spade-tests/src/ast_lowering.rs
expression: "std::str::from_utf8(buffer.as_slice()).expect(\"error contains invalid utf-8\")"
---
error: Multiple items with the same name
  ┌─ testinput:4:13
  │  
1 │ ╭ fn a() -> bool {
2 │ │     true
3 │ │ }
  │ ╰─' Previous definition here
4 │   pipeline(0) a(clk: clk) -> bool {
  │               ^ a is defined multiple times


