---
source: spade-tests/src/integration.rs
---
fn x() -> bool {
    1
}


error: Output type mismatch. Expected bool, got Number<_>
  ┌─ testinput:1:16
  │  
1 │   fn x() -> bool {
  │             ---- bool type specified here
  │ ╭────────────────^
2 │ │     1
3 │ │ }
  │ ╰─^ Found type Number<_>
  │  
  = note: Expected: bool
               Got: Number<_>


