---
source: spade-tests/src/usefulness.rs
---
fn test(in: (bool, bool, bool)) -> bool {
    match in {
        (true, true, true) => true,
        (false, true, true) => true,
        (false, false, true) => true,
        (false, false, false) => true,
    }
}


error: Non-exhaustive match: patterns (false, true, false), (true, false, false) and 2 more not covered
  ┌─ testinput:2:5
  │  
2 │ ╭     match in {
3 │ │         (true, true, true) => true,
4 │ │         (false, true, true) => true,
5 │ │         (false, false, true) => true,
6 │ │         (false, false, false) => true,
7 │ │     }
  │ ╰─────^ patterns (false, true, false), (true, false, false) and 2 more not covered


