---
source: spade-tests/src/hir_lowering.rs
expression: "std::str::from_utf8(buffer.as_slice()).expect(\"error contains invalid utf-8\")"
---
error: Multiple bindings to a
  ┌─ testinput:4:14
  │
4 │     test$(a, a, b)
  │           -  ^ Previously bound
  │           │   
  │           previously bound here


