---
source: spade-tests/src/wordlength_inference.rs
---
fn f<A, B>(q: bool, a: int<0>, b: int<4>) -> int<0> {
    if q { a } else { a * b + b - b + 1 }
}
entity main(clk: clock, rst: bool) -> int<0> { f(false, 0, 0) }


error: Word length mismatch. Got 2 bits but expected 0 bits
  ┌─ testinput:4:57
  │
4 │ entity main(clk: clock, rst: bool) -> int<0> { f(false, 0, 0) }
  │                                                         ^ Got 2 bits, expected 0


