---
source: spade-tests/src/typeinference.rs
---
entity takes_generic<T>(x: T) -> bool {true}

entity x(b: &mut bool) -> bool {
    inst takes_generic(b)
}


error: Generic types can not be ports
  ┌─ testinput:4:5
  │
4 │     inst takes_generic(b)
  │     ^^^^^^^^^^^^^^^^^^^^^ Parameter T is &mut bool which is a port type


