---
source: spade-tests/src/linear_check.rs
---
entity consumer(x: &mut bool) -> bool __builtin__

entity test() -> (bool, bool) {
    let p = inst new_mut_wire();
    (inst consumer(p), inst consumer(p))
}


error: Use of consumed resource
  ┌─ testinput:5:38
  │
5 │     (inst consumer(p), inst consumer(p))
  │                    -                 ^ Use of consumed resource
  │                    │                  
  │                    Previously used here
