---
source: spade-tests/src/hir_lowering.rs
---
$config X = 1

pipeline($if X == 1 {3} $else {2}) test(clk: clock) -> bool {
    reg*2;
        true
}


error: Pipeline depth mismatch. Expected 3 got 2
  ┌─ testinput:3:1
  │  
3 │ ╭ pipeline($if X == 1 {3} $else {2}) test(clk: clock) -> bool {
  │                        - Type 3 inferred here
4 │ │     reg*2;
5 │ │         true
6 │ │ }
  │ ╰─^ Found 2 stages in this pipeline
  │  
  = note: Expected: 2
               Got: 3
