---
source: spade-tests/src/ast_lowering.rs
---
entity X() -> int<8> {
    decl x;
    let x = 0;
    let x = 1;
    x
}


error: x was already defined
  ┌─ testinput:4:9
  │
2 │     decl x;
  │          - x declared here
3 │     let x = 0;
  │         - First defined here
4 │     let x = 1;
  │         ^ Later defined here
  │
  = note: Declared variables can only be defined once


