---
source: spade-tests/src/ast_lowering.rs
expression: "std::str::from_utf8(buffer.as_slice()).expect(\"error contains invalid utf-8\")"
---
error: Reference to negative pipeline stage
  ┌─ testinput:2:24
  │
2 │         let a = stage(-1).x;
  │                        ^ Reference to absolute stage -1
  │
  = Pipeline stages start at 0


