---
source: spade-tests/src/linear_check.rs
---
entity make_port() -> &mut bool __builtin__

entity consumer(x: &mut bool) -> bool __builtin__

entity test() -> (bool, bool) {
    let p = inst make_port();
    (inst consumer(p), inst consumer(p))
}


error: Use of consumed resource
  ┌─ testinput:7:38
  │
7 │     (inst consumer(p), inst consumer(p))
  │                    -                 ^ Use of consumed resource
  │                    │                  
  │                    Previously used here


