---
source: spade-tests/src/hir_lowering.rs
expression: "std::str::from_utf8(buffer.as_slice()).expect(\"error contains invalid utf-8\")"
---
error: a specified multiple times
  ┌─ testinput:4:14
  │
4 │     test$(a, a, b)
  │           -  ^ Later specified here
  │           │   
  │           First specified here


