---
source: spade-tests/src/typeinference.rs
expression: "std::str::from_utf8(buffer.as_slice()).expect(\"error contains invalid utf-8\")"
---
error: Field access on &mut A which is not a struct
   ┌─ testinput:13:28
   │
13 │     let x = inst read_port(val.x);
   │                            ^^^^^ Expected struct, found &mut A


