---
source: spade-tests/src/ports_integration.rs
---
entity x(x: bool) -> &bool {
    x
}


error: Output type mismatch. Expected &bool got bool
  ┌─ testinput:1:28
  │  
1 │   entity x(x: bool) -> &bool {
  │                        ----- &bool type specified here
  │ ╭────────────────────────────^
2 │ │     x
3 │ │ }
  │ ╰─^ Found type bool
  │  
  = note: Expected &bool
               Got bool


