---
source: spade-tests/src/typeinference.rs
---
entity test(clk: clock) -> bool {
    let (x, y) = true;

    true
}


error: Pattern type mismatch. Expected bool got (_, _)
  ┌─ testinput:2:9
  │
2 │     let (x, y) = true;
  │         ^^^^^^   ---- because this has type bool
  │         │         
  │         expected bool, got (_, _)
  │
  = note: Expected: bool
               Got: (_, _)


