---
source: spade-tests/src/compiler_state.rs
---

        fn sub() -> bool {
            false
        }

        pipeline(1) main(clk: clock) -> bool {
                let _ = sub();
                let x: int<10> = 0;
            reg;
                false
        }
    

main has no spade unit instance named not_a_module
  candidates:
    sub_0
