---
source: spade-tests/src/typeinference.rs
---
fn func<A>(a: A) {}

fn func2<A>() {
    let a: bool = false;
    func::$<A>(a)
}

fn test() {
    func2::<uint<8>>()
}


error: Expected type bool, got uint<8>
  ┌─ testinput:3:1
  │  
3 │ ╭ fn func2<A>() {
4 │ │     let a: bool = false;
  │ │                   ----- Type bool inferred here
5 │ │     func::$<A>(a)
6 │ │ }
  │ ╰─^ Expected bool
  ·  
9 │       func2::<uint<8>>()
  │               ------ Type uint<8> inferred here
  │  
  = note: Expected: bool
               Got: uint<8>
  = The error is in a generic unit instantiated at
    ╰ testinput:9 func2<uint<8>>
