---
source: spade-tests/src/integration.rs
---
struct X {}
impl X {
    fn test(x: bool) -> bool {true}
}

fn main(x: X) -> bool {
    x.test$(y: 1)
}


error: Method must take 'self' as the first parameter
  ┌─ testinput:3:12
  │
3 │     fn test(x: bool) -> bool {true}
  │            ^^^^^^^^^ Missing self
  │
  = Consider adding self
  │
3 │     fn test(self, x: bool) -> bool {true}
  │             ++++++


