---
source: spade-tests/src/ast_lowering.rs
expression: "std::str::from_utf8(buffer.as_slice()).expect(\"error contains invalid utf-8\")"
---
error: Port in non-port struct
  ┌─ testinput:2:8
  │
2 │     x: &mut int<32>
  │        ^^^^^^^^^^^^ This is a port
  │
  = Consider making A a port
  │
1 │ struct port A {
  │        +++++


