---
source: spade-tests/src/ast_lowering.rs
---
fn test<N, #O>()
    where O: N
{}


error: N is not a type level integer.
  ┌─ testinput:2:14
  │
1 │ fn test<N, #O>()
  │         - N is defined here
2 │     where O: N
  │              ^ Expected type level integer
  │
  = Try making the generic a number
  │
1 │ fn test<#N, #O>()
  │         +
