---
source: spade-tests/src/typeinference.rs
---
fn test(x: int<8>, y: int<8>) -> uint<9> {
    x + y
}


error: Expected type uint<9>, got int<_>
  ┌─ testinput:2:5
  │
1 │ fn test(x: int<8>, y: int<8>) -> uint<9> {
  │            ------                ------- Type uint<9> inferred here
  │            │                      
  │            Type int<_> inferred here
2 │     x + y
  │     ^^^^^
  │     │
  │     expected uint<9>
  │     type int<_> inferred here
  │
  = note: Expected: uint<9>
               Got: int<_>


