---
source: spade-tests/src/ast_lowering.rs
---
fn multiple(foo: bool, bar: bool, foo: bool) __builtin__

error: Multiple arguments with the same name
  ┌─ testinput:1:35
  │
1 │ fn multiple(foo: bool, bar: bool, foo: bool) __builtin__
  │             ---                   ^^^ foo later declared here
  │             │                      
  │             foo previously declared here


