---
source: spade-tests/src/ast_lowering.rs
---
struct A {
    x: (&int<32>, &bool)
}

error: Port in non-port struct
  ┌─ testinput:2:8
  │
1 │ struct A {
  │        - This is not a port struct
2 │     x: (&int<32>, &bool)
  │        ^^^^^^^^^^^^^^^^^ This is a port
  │
  = Consider making A a port struct
  │
1 │ struct port A {
  │        +++++


