---
source: spade-tests/src/hir_lowering.rs
---
pipeline(1) pipe(clk: clock) -> bool {
        true
}


error: Pipeline depth mismatch. Expected 1 got 0
  ┌─ testinput:1:1
  │  
1 │ ╭ pipeline(1) pipe(clk: clock) -> bool {
  │            - Type 1 inferred here
2 │ │         true
3 │ │ }
  │ ╰─^ Found 0 stages in this pipeline
  │  
  = note: Expected: 0
               Got: 1
