---
source: spade-tests/src/ports_integration.rs
---
entity x(a: &bool) -> bool {
    a
}

error: Type error
  ┌─ testinput:1:28
  │  
1 │   entity x(a: &bool) -> bool {
  │                         ---- bool type specified here
  │ ╭────────────────────────────^
2 │ │     a
3 │ │ }
  │ ╰─^ Found type &bool
  │  
  = Expected: bool
  =      Got: &bool


