---
source: spade-tests/src/integration.rs
---
struct X {}

impl X {
    fn x(self) -> bool {
        1
    }
}


error: Output type mismatch. Expected bool, got int<_>
  ┌─ testinput:4:24
  │  
4 │       fn x(self) -> bool {
  │                     ---- bool type specified here
  │ ╭────────────────────────^
5 │ │         1
6 │ │     }
  │ ╰─────^ Found type int<_>
  │  
  = note: Expected: bool
               Got: int<_>


