---
source: spade-tests/src/ast_lowering.rs
---
#[no_mangle]
fn mangling_time<#N>() -> int<N> __builtin__


error: no_mangle is not allowed on generic units
  ┌─ testinput:1:1
  │
1 │ #[no_mangle]
  │ ^^^^^^^^^^^^ no_mangle not allowed here
2 │ fn mangling_time<#N>() -> int<N> __builtin__
  │                 ---- Because this unit is generic
