---
source: spade-tests/src/typeinference.rs
---
struct X {
    b: bool,
}

entity main(x: X) -> bool {
    match x {
        X(0) => true,
        _ => false,
    }
}


error: Argument type mismatch. Expected bool got Number<_>
  ┌─ testinput:7:11
  │
2 │     b: bool,
  │        ---- Type bool inferred here
  ·
7 │         X(0) => true,
  │           ^ expected bool
  │
  = note: Expected: bool
               Got: Number<_>


