---
source: spade-tests/src/ast_lowering.rs
---
pipeline(3) main(clk: clock) -> int<8> {
    reg;
        'a
        'b
    reg;
    reg;
        0
}

error: Multiple labels for the same stage
  ┌─ testinput:4:10
  │
3 │         'a
  │          - Previously labeled here
4 │         'b
  │          ^ This stage has already been labeled


