---
source: spade-tests/src/typeinference.rs
---
entity test(clk: clock) -> bool {
    reg(clk) (sample_i, audio_val): (int<9>, int<16>) = {
        true
    };

    true
}


error: Expected type (int<9>, int<16>), got bool
  ┌─ testinput:2:57
  │  
2 │       reg(clk) (sample_i, audio_val): (int<9>, int<16>) = {
  │ ╭─────────────────────────────────────────────────────────^
3 │ │         true
4 │ │     };
  │ ╰─────^ Expected (int<9>, int<16>) here


