---
source: spade-tests/src/linear_check.rs
---
entity x(resource: ((&mut bool, &bool), &bool)) -> bool {
    true
}


error: resource#0#0 is unused
  ┌─ testinput:1:10
  │
1 │ entity x(resource: ((&mut bool, &bool), &bool)) -> bool {
  │          ^^^^^^^^ resource#0#0 is unused
  │
  = note: resource#0#0 is a &mut value which must be set
