---
source: spade-tests/src/typeinference.rs
---
struct port X {
    x: &mut bool
}
entity takes_generic<T>(x: T) -> bool {true}

entity x(b: X) -> bool {
    inst takes_generic(b)
}


error: Generic types can not be ports
  ┌─ testinput:7:5
  │
7 │     inst takes_generic(b)
  │     ^^^^^^^^^^^^^^^^^^^^^ Parameter T is struct X {x: &mut bool} which is a port type


