---
source: spade-tests/src/const_generics.rs
---
impl <#uint N, #uint O> int<N>
where O: { N + 2 }
{
    fn add_one(self) -> int<O> {
        self + 1
    }
}

fn test() -> int<10> {
    10i8.add_one()
}


error: Expected type Number<10>, got Number<9>
  ┌─ testinput:5:9
  │
5 │         self + 1
  │         ^^^^^^^^ Expected Number<10>, got Number<9>
  │
  = note: Expected: 10
                in: Number<10>
               Got: 9
                in: Number<9>
  = note: Addition creates one more output bit than the input to avoid overflow
  = The error is in a generic unit instantiated at
    ╰ testinput:10 impl_6::add_one<8, 10>
