---
source: spade-tests/src/linear_check.rs
---
entity x(resource: (&mut bool, &bool)) -> (&mut bool, &mut bool) {
    (resource#0, resource#0)
}


error: Use of consumed resource
  ┌─ testinput:2:18
  │
2 │     (resource#0, resource#0)
  │      ---------   ^^^^^^^^^ Use of consumed resource
  │      │            
  │      Previously used here


