---
source: spade-tests/src/hir_lowering.rs
---
pipeline(5) X(clk: clock) -> bool {reg*5; false}

pipeline(6) main(clk: clock, x: bool) -> bool {
        let x = inst(5) X(clk);
    reg*4;
        'here
    reg;
        let res = stage(here).x;
    reg;
        res
}


error: Use of x before it is ready
  ┌─ testinput:8:31
  │
8 │         let res = stage(here).x;
  │                               ^ Is unavailable for another 1 stages
  │
  = Requesting x from stage 4
  = But it will not be available until stage 5


