---
source: spade-tests/src/ast_lowering.rs
---
enum X {
    A { one: bool, two: bool }
}

fn main(x: X) -> X {
    match x {
        X::A(one, two, three) => x
    }
}


error: Expected 2 arguments, got 3
  ┌─ testinput:7:13
  │
7 │         X::A(one, two, three) => x
  │             ^^^^^^^^^^^^^^^^^ Expected 2 arguments here


