---
source: spade-tests/src/hir_lowering.rs
---
struct X {x: int<8>}

entity t() -> X {
    let (a, b) = port;
    a
}


error: A port expression cannot create non-port values
  ┌─ testinput:4:18
  │
4 │     let (a, b) = port;
  │                  ^^^^ X is not a port type
  │
  = note: The port expression creates a (X, ~X)


