---
source: spade-tests/src/ports_integration.rs
---
entity identity<T>(x: T) -> T {x}

entity x(p: &bool) -> &bool {
    let x: &bool = inst identity(p);
    x
}


error: Generic types can not be ports
  ┌─ testinput:4:20
  │
4 │     let x: &bool = inst identity(p);
  │                    ^^^^^^^^^^^^^^^^ Parameter T is &bool which is a port type


