---
source: spade-tests/src/ast_lowering.rs
expression: "std::str::from_utf8(buffer.as_slice()).expect(\"error contains invalid utf-8\")"
---
error: Expected 2 arguments, got 3
  ┌─ testinput:7:13
  │
7 │         X::A(one, two, three) => x
  │             ^^^^^^^^^^^^^^^^^ Expected 2 arguments here


