---
source: spade-tests/src/usefulness.rs
---
struct A {x: bool, y: bool}

fn uwu(a: A) -> bool {
    match a {
        A(true, true) => true,
    }
}


error: Non-exhaustive match: patterns A(x: false, y: false), A(x: false, y: true) and 1 more not covered
  ┌─ testinput:4:5
  │  
4 │ ╭     match a {
5 │ │         A(true, true) => true,
6 │ │     }
  │ ╰─────^ patterns A(x: false, y: false), A(x: false, y: true) and 1 more not covered


