---
source: spade-tests/src/hir_lowering.rs
---
fn test(a: bool, b: bool) -> bool __builtin__
fn main() -> bool {
    let (a, b, c) = (true, true, true);
    test$(a)
}


error: Missing argument: b
  ┌─ testinput:4:10
  │
1 │ fn test(a: bool, b: bool) -> bool __builtin__
  │ --------------------------------------------- function defined here
  ·
4 │     test$(a)
  │          ^^^ Missing argument: b


