---
source: spade-tests/src/usefulness.rs
---
    struct A {
        x: bool,
        y: bool,
    }
fn test(in: A) -> bool {
    match in {
        A$(y:true, x: true) => true,
        A$(y:true, x: false) => true,
        A$(y:false, x: false) => true,
    }
}


error: Non-exhaustive match: pattern A(x: true, y: false) not covered
   ┌─ testinput:6:5
   │  
 6 │ ╭     match in {
 7 │ │         A$(y:true, x: true) => true,
 8 │ │         A$(y:true, x: false) => true,
 9 │ │         A$(y:false, x: false) => true,
10 │ │     }
   │ ╰─────^ pattern A(x: true, y: false) not covered


