---
source: spade-tests/src/usefulness.rs
expression: "std::str::from_utf8(buffer.as_slice()).expect(\"error contains invalid utf-8\")"
---
error: Non-exhaustive match: pattern A(x: true, y: false) not covered
   ┌─ testinput:6:5
   │  
 6 │ ╭     match in {
 7 │ │         A$(y:true, x: true) => true,
 8 │ │         A$(y:true, x: false) => true,
 9 │ │         A$(y:false, x: false) => true,
10 │ │     }
   │ ╰─────^ pattern A(x: true, y: false) not covered


