---
source: spade-tests/src/typeinference.rs
---
fn x() -> bool  {
    let a = [0, true, 2];
    false
}


error: Array element type mismatch. Expected int<_>
  ┌─ testinput:2:17
  │
2 │     let a = [0, true, 2];
  │              -  ^^^^ Expected int<_>
  │              │   
  │              To match this
  │
  = note: Expected int<_>
               Got bool


