---
source: spade-tests/src/hir_lowering.rs
---
struct Test{a: bool, b: bool}

fn main() -> Test {
    Test$()
}


error: Missing arguments: a, b
  ┌─ testinput:4:10
  │
1 │ struct Test{a: bool, b: bool}
  │ ----------------------------- struct defined here
  ·
4 │     Test$()
  │          ^^ Missing arguments: a, b


