---
source: spade-tests/src/linear_check.rs
---
entity test() {
    let a = [inst new_mut_wire(), inst new_mut_wire()];
    set a[0] = 0u8;
}


error: a[1] is unused
  ┌─ testinput:2:9
  │
2 │     let a = [inst new_mut_wire(), inst new_mut_wire()];
  │         ^ a[1] is unused
  │
  = note: a[1] is a &mut value which must be set
