---
source: spade-tests/src/typeinference.rs
---
entity test(clk: clock, rst: bool) -> int<8> {
    reg(clk) a reset (rst: true) = 3;
    a
}


error: Register reset value mismatch. Expected int<_> got bool
  ┌─ testinput:2:28
  │
2 │     reg(clk) a reset (rst: true) = 3;
  │              -             ^^^^ expected int<_>
  │              │              
  │              because this has type int<_>
  │
  = note: Expected: int<_>
               Got: bool


