---
source: spade-tests/src/integration.rs
---
struct X {}

impl X {
    fn a(self) -> bool {true}
}

impl X {
    fn a(self) -> bool {true}
}

fn test(x: X) -> bool {
    x.a()
}



error: X already has a method named a
  ┌─ testinput:8:5
  │
4 │     fn a(self) -> bool {true}
  │     ------------------------- Previous definition here
  ·
8 │     fn a(self) -> bool {true}
  │     ^^^^^^^^^^^^^^^^^^^^^^^^^ Duplicate method


