---
source: spade-tests/src/hir_lowering.rs
---
struct T { }
entity main(x: T) -> T {
    #[wal_trace]
    let y = x;
    x
}


error: #[wal_trace] on struct without #[wal_suffix]
  ┌─ testinput:3:5
  │
3 │     #[wal_trace]
  │     ^^^^^^^^^^^^ T does not have #[wal_suffix]
4 │     let y = x;
  │         - This has type T which does not have #[wal_suffix]
  │
  = note: This most likely means that the struct can not be analyzed by a wal script


