---
source: spade-tests/src/ast_lowering.rs
---
pipeline(3) main(x: int<8>) -> int<8> {
        let a = stage(-1).x;
    reg;
    reg;
    reg;
        0
}


error: Reference to negative pipeline stage
  ┌─ testinput:2:17
  │
2 │         let a = stage(-1).x;
  │                 ^^^^^^^^^ This references a negative pipeline stage
  │
  = note: Since this is at stage 0, stage(-1) references stage -1
  = note: Pipeline stages start at 0


