---
source: spade-tests/src/const_generics.rs
---
trait X {}
trait Y {}
impl X for bool {}
fn test<T>(x: T)
    where T: X + Y
{
    test(false)
}


error: Trait bound not satisfied. bool does not implement Y
  ┌─ testinput:7:10
  │
5 │     where T: X + Y
  │                  - Required because of the trait bound specified here
6 │ {
7 │     test(false)
  │          ^^^^^ bool does not implement Y
