---
source: spade-tests/src/typeinference.rs
---
struct X {
    b: bool,
}

entity main() -> bool {
    let x = X$(b: true);
    match x {
        X(0) => true,
        _ => false,
    }
}


error: Argument type mismatch. Expected bool got int<_>
  ┌─ testinput:8:11
  │
8 │         X(0) => true,
  │           ^ expected bool
  │
  = note: Expected: bool
               Got: int<_>


