---
source: spade-tests/src/typeinference.rs
expression: "std::str::from_utf8(buffer.as_slice()).expect(\"error contains invalid utf-8\")"
---
error: Pattern type mismatch
  ┌─ testinput:2:14
  │  
2 │       reg(clk) (sample_i, audio_val) = {
  │                ^^^^^^^^^^^^^^^^^^^^^ expected bool
  │ ╭──────────────────────────────────────'
3 │ │         true
4 │ │     };
  │ ╰─────' because this has type bool
  │  
  = Expected: bool
  =      Got: (t2, t3)


