---
source: spade-tests/src/errors.rs
expression: "std::str::from_utf8(buffer.as_slice()).expect(\"error contains invalid utf-8\")"
---
error: Expected type int<7>, got int<4>
  ┌─ testinput:2:7
  │
2 │     x[idx]
  │       ^^^ Expected int<7>, got int<4>
  │
  = Because the value is used as an index to an array


