---
source: spade-tests/src/usefulness.rs
expression: "std::str::from_utf8(buffer.as_slice()).expect(\"error contains invalid utf-8\")"
---
error: Non-exhaustive match: patterns A(x: false, y: false), A(x: false, y: true) and 1 more not covered
  ┌─ testinput:6:5
  │  
6 │ ╭     match in {
7 │ │         A(true, true) => true
8 │ │     }
  │ ╰─────^ patterns A(x: false, y: false), A(x: false, y: true) and 1 more not covered


