---
source: spade-tests/src/linear_check.rs
expression: "std::str::from_utf8(buffer.as_slice()).expect(\"error contains invalid utf-8\")"
---
error: Use of consumed resource
  ┌─ testinput:8:26
  │
6 │     let _ = inst consume(x);
  │                          - Previously used here
7 │     let x = inst make_port();
8 │     let _ = inst consume(x);
  │                          ^ Use of consumed resource


