---
source: spade-tests/src/ast_lowering.rs
expression: "std::str::from_utf8(buffer.as_slice()).expect(\"error contains invalid utf-8\")"
---
error: Variable declared more than once
  ┌─ testinput:3:10
  │
2 │     let x: int<8> = 0;
  │         - Previously declared here
3 │     decl x;
  │          ^ This variable has been declared more than once


