---
source: spade-tests/src/ast_lowering.rs
---
struct port A {}


entity x(a: &A) -> bool __builtin__


error: Cannot create a wire of ports
  ┌─ testinput:4:13
  │
4 │ entity x(a: &A) -> bool __builtin__
  │             ^^
  │             ││
  │             │Because this is a port
  │             This cannot be a wire


