---
source: spade-tests/src/usefulness.rs
---
    struct A {
        x: bool,
        y: bool,
    }
fn test(in: A) -> bool {
    match in {
        A(true, true) => true
    }
}


error: Non-exhaustive match: patterns A(x: true, y: false), A(x: false, y: false) and 1 more not covered
  ┌─ testinput:6:5
  │  
6 │ ╭     match in {
7 │ │         A(true, true) => true
8 │ │     }
  │ ╰─────^ patterns A(x: true, y: false), A(x: false, y: false) and 1 more not covered


