---
source: spade-tests/src/hir_lowering.rs
expression: "std::str::from_utf8(buffer.as_slice()).expect(\"error contains invalid utf-8\")"
---
error: Use of x before it is ready
  ┌─ testinput:6:19
  │
6 │         let res = x;
  │                   ^ Is unavailable for another 4 stages
  │
  = Requesting x from stage 1
  = But it will not be available until stage 5


