---
source: spade-tests/src/linear_check.rs
expression: "std::str::from_utf8(buffer.as_slice()).expect(\"error contains invalid utf-8\")"
---
error: Use of consumed resource
  ┌─ testinput:9:5
  │
8 │     let _ = inst consumer(a.x);
  │                           --- Previously used here
9 │     a
  │     ^ Use of consumed resource


