---
source: spade-tests/src/ast_lowering.rs
---
entity x(a: (int<32>, &int<32>)) -> bool __builtin__

error: Can't mix ports and non-ports in a tuple
  ┌─ testinput:1:14
  │
1 │ entity x(a: (int<32>, &int<32>)) -> bool __builtin__
  │              ^^^^^^^  -------- This is a port
  │              │         
  │              This is not a port
  │
  = note: A tuple must either contain only ports or no ports


