---
source: spade-tests/src/hir_lowering.rs
expression: "std::str::from_utf8(buffer.as_slice()).expect(\"error contains invalid utf-8\")"
---
error: Multiple bindings to a
  ┌─ testinput:3:20
  │
3 │     test$(a: true, a: true, b: true)
  │           -        ^ Previously bound
  │           │         
  │           previously bound here


