---
source: spade-tests/src/ast_lowering.rs
---
pipeline(3) pipe(clk: clock) -> bool {
    reg;
    reg;
        true
}


error: Wrong number of pipeline stages
  ┌─ testinput:1:1
  │  
1 │ ╭ pipeline(3) pipe(clk: clock) -> bool {
  │            - 3 stages specified here
2 │ │     reg;
3 │ │     reg;
4 │ │         true
5 │ │ }
  │ ╰─^ Found 2 stages here


