---
source: spade-tests/src/typeinference.rs
---
entity t(clk: clock) -> bool {
    reg(clk) x initial(0) = true;
    true
}


error: Register initial value mismatch. Expected Number<_> got bool
  ┌─ testinput:2:24
  │
2 │     reg(clk) x initial(0) = true;
  │              -         ^ expected Number<_>, got bool
  │              │          
  │              because this has type bool
  │
  = note: Expected: Number<_>
               Got: bool


