---
source: spade-tests/src/ast_lowering.rs
expression: "std::str::from_utf8(buffer.as_slice()).expect(\"error contains invalid utf-8\")"
---
error: Variable declared more than once
  ┌─ testinput:2:13
  │
2 │     decl x, x;
  │          -  ^ This variable has been declared more than once
  │          │   
  │          Previously declared here


