---
source: spade-tests/src/typeinference.rs
---
entity t(clk: clock) -> bool {
    reg(clk) x initial(0) = true;
    true
}


error: Register initial value mismatch. Expected bool got Number<_>
  ┌─ testinput:2:24
  │
2 │     reg(clk) x initial(0) = true;
  │              -         ^ expected bool, got Number<_>
  │              │          
  │              because this has type Number<_>
  │
  = note: Expected: bool
               Got: Number<_>


