---
source: spade-tests/src/typeinference.rs
---
entity main() -> uint<8> {
    ~None
}

error: Expected type Number<_>, got std::option::Option<_>
  ┌─ testinput:2:6
  │
2 │     ~None
  │     -^^^^
  │     ││
  │     │Expected Number<_>
  │     Type Number<_> inferred here
  │
  = note: Expected: Number<_>
               Got: std::option::Option<_>
