---
source: spade-tests/src/ast_lowering.rs
assertion_line: 610
---
pipeline(2) pipe(clk: clock) -> bool {
    reg;
        true
}


error: Wrong number of pipeline stages
  ┌─ testinput:1:38
  │  
1 │   pipeline(2) pipe(clk: clock) -> bool {
  │            - 2 stages specified here
  │ ╭──────────────────────────────────────^
2 │ │     reg;
3 │ │         true
4 │ │ }
  │ ╰─^ Found 1 stage here


